// Jest Snapshot v1, https://goo.gl/fbAQLP

exports[`renders learn react link 1`] = `
<div
  class="sc-bcXHqe gMxvTB"
>
  <h1>
    HELLOOO WORD!!!
  </h1>
</div>
`;
